]0;~/cs181/cs181-practicals/P2/P2[?1034h1234-3:P2 MeLlamoJohn$ [K1234-3:P2 MeLlamoJohn$ git s[Kadd .
]0;~/cs181/cs181-practicals/P2/P21234-3:P2 MeLlamoJohn$ git comit [K[K[Kmit -m "add R code rna[K[Kando forest"
[master 4d7ef5a] add R code rando forest
 12 files changed, 89 insertions(+)
 create mode 100644 P2/P2/.Rproj.user/A36A4822/console06/4B6BFDAB
 create mode 100644 P2/P2/.Rproj.user/A36A4822/console06/INDEX001
 create mode 100644 P2/P2/.Rproj.user/A36A4822/sources/prop/63285768
 create mode 100644 P2/P2/.Rproj.user/A36A4822/sources/prop/INDEX
 create mode 100644 P2/P2/.Rproj.user/A36A4822/sources/s-F8AD2797/649BA9DD-contents
 create mode 100644 P2/P2/.Rproj.user/A36A4822/sources/s-F8AD2797/FD021A8F
 create mode 100644 P2/P2/.Rproj.user/A36A4822/sources/s-F8AD2797/FD021A8F-contents
 create mode 100644 P2/P2/.Rproj.user/A36A4822/sources/s-F8AD2797/lock_file
 create mode 100644 P2/P2/.Rproj.user/shared/notebooks/patch-chunk-names
 create mode 100644 P2/P2/.Rproj.user/shared/notebooks/paths
 create mode 100644 P2/P2/P2.Rproj
 create mode 100644 P2/P2/p2.R
]0;~/cs181/cs181-practicals/P2/P21234-3:P2 MeLlamoJohn$ git push
Counting objects: 21, done.
Delta compression using up to 8 threads.
Compressing objects:   5% (1/19)   Compressing objects:  10% (2/19)   Compressing objects:  15% (3/19)   Compressing objects:  21% (4/19)   Compressing objects:  26% (5/19)   Compressing objects:  31% (6/19)   Compressing objects:  36% (7/19)   Compressing objects:  42% (8/19)   Compressing objects:  47% (9/19)   Compressing objects:  52% (10/19)   Compressing objects:  57% (11/19)   Compressing objects:  63% (12/19)   Compressing objects:  68% (13/19)   Compressing objects:  73% (14/19)   Compressing objects:  78% (15/19)   Compressing objects:  84% (16/19)   Compressing objects:  89% (17/19)   Compressing objects:  94% (18/19)   Compressing objects: 100% (19/19)   Compressing objects: 100% (19/19), done.
Writing objects:   4% (1/21)   Writing objects:   9% (2/21)   Writing objects:  14% (3/21)   Writing objects:  19% (4/21)   Writing objects:  23% (5/21)   Writing objects:  28% (6/21)   Writing objects:  33% (7/21)   Writing objects:  38% (8/21)   Writing objects:  42% (9/21)   Writing objects:  47% (10/21)   Writing objects:  52% (11/21)   Writing objects:  57% (12/21)   Writing objects:  61% (13/21)   Writing objects:  66% (14/21)   Writing objects:  71% (15/21)   Writing objects:  76% (16/21)   Writing objects:  80% (17/21)   Writing objects:  85% (18/21)   Writing objects:  90% (19/21)   Writing objects:  95% (20/21)   Writing objects: 100% (21/21)   Writing objects: 100% (21/21), 2.36 KiB | 0 bytes/s, done.
Total 21 (delta 2), reused 0 (delta 0)
remote: Resolving deltas:   0% (0/2)   [Kremote: Resolving deltas:  50% (1/2)   [Kremote: Resolving deltas: 100% (2/2)   [Kremote: Resolving deltas: 100% (2/2), completed with 2 local objects.[K
To https://github.com/gunplun/cs181-practicals.git
   db8ec85..4d7ef5a  master -> master
]0;~/cs181/cs181-practicals/P2/P21234-3:P2 MeLlamoJohn$ ls[K1234-3:P2 MeLlamoJohn$ ls
P2.Rproj	p2.R
]0;~/cs181/cs181-practicals/P2/P21234-3:P2 MeLlamoJohn$ cd [K[K[Kgit p[Kad .[K[Kd .
]0;~/cs181/cs181-practicals/P2/P21234-3:P2 MeLlamoJohn$ gitcomm[K[K[K [K[K commit -m "upd[Kp[Kdate code"
[master 3957f18] update code
 7 files changed, 119 insertions(+), 12 deletions(-)
 create mode 100644 P2/P2/.Rproj.user/A36A4822/console06/4B6BFDAB.env
]0;~/cs181/cs181-practicals/P2/P21234-3:P2 MeLlamoJohn$ git pull
remote: Enumerating objects: 8, done.[K
remote: Counting objects:  12% (1/8)   [Kremote: Counting objects:  25% (2/8)   [Kremote: Counting objects:  37% (3/8)   [Kremote: Counting objects:  50% (4/8)   [Kremote: Counting objects:  62% (5/8)   [Kremote: Counting objects:  75% (6/8)   [Kremote: Counting objects:  87% (7/8)   [Kremote: Counting objects: 100% (8/8)   [Kremote: Counting objects: 100% (8/8), done.[K
remote: Compressing objects:  50% (1/2)   [Kremote: Compressing objects: 100% (2/2)   [Kremote: Compressing objects: 100% (2/2), done.[K
Unpacking objects:  20% (1/5)   Unpacking objects:  40% (2/5)   Unpacking objects:  60% (3/5)   Unpacking objects:  80% (4/5)   remote: Total 5 (delta 3), reused 5 (delta 3), pack-reused 0[K
Unpacking objects: 100% (5/5)   Unpacking objects: 100% (5/5), done.
From https://github.com/gunplun/cs181-practicals
   4d7ef5a..f701b8a  master     -> origin/master
[?2004hMerge made by the 'recursive' strategy.
 P2/classification_starter.py |   15 [32m+[m[31m-[m
 P2/test_data.csv             | 3725 [32m++++++++++++++++++++++++++++++++++++++++++++++++++++++++[m
 2 files changed, 3739 insertions(+), 1 deletion(-)
 create mode 100644 P2/test_data.csv
]0;~/cs181/cs181-practicals/P2/P21234-3:P2 MeLlamoJohn$ l[Kgit add .
]0;~/cs181/cs181-practicals/P2/P21234-3:P2 MeLlamoJohn$ git commit -m" [K[K "a[Kmore [K test prediction code"
[master 166e872] more test prediction code
 6 files changed, 64 insertions(+), 11 deletions(-)
 rewrite P2/P2/.Rproj.user/A36A4822/console06/INDEX001 (71%)
]0;~/cs181/cs181-practicals/P2/P21234-3:P2 MeLlamoJohn$ git push[K[Kll
Already up-to-date.
]0;~/cs181/cs181-practicals/P2/P21234-3:P2 MeLlamoJohn$ git pull
remote: Enumerating objects: 7, done.[K
remote: Counting objects:  14% (1/7)   [Kremote: Counting objects:  28% (2/7)   [Kremote: Counting objects:  42% (3/7)   [Kremote: Counting objects:  57% (4/7)   [Kremote: Counting objects:  71% (5/7)   [Kremote: Counting objects:  85% (6/7)   [Kremote: Counting objects: 100% (7/7)   [Kremote: Counting objects: 100% (7/7), done.[K
remote: Compressing objects: 100% (1/1)   [Kremote: Compressing objects: 100% (1/1), done.[K
Unpacking objects:  25% (1/4)   Unpacking objects:  50% (2/4)   Unpacking objects:  75% (3/4)   remote: Total 4 (delta 3), reused 4 (delta 3), pack-reused 0[K
Unpacking objects: 100% (4/4)   Unpacking objects: 100% (4/4), done.
From https://github.com/gunplun/cs181-practicals
   f701b8a..3f1919c  master     -> origin/master
[?2004hMerge made by the 'recursive' strategy.
 P2/test_data.csv | 7450 [32m++++++++++++++++++++++++++++++++++[m[31m----------------------------------[m
 1 file changed, 3725 insertions(+), 3725 deletions(-)
]0;~/cs181/cs181-practicals/P2/P21234-3:P2 MeLlamoJohn$ ls
P2.Rproj	p2.R		predictions.csv
]0;~/cs181/cs181-practicals/P2/P21234-3:P2 MeLlamoJohn$ open predictions.csv 
]0;~/cs181/cs181-practicals/P2/P2[?1034h1234-3:P2 MeLlamoJohn$ git push
Counting objects: 38, done.
Delta compression using up to 8 threads.
Compressing objects:   2% (1/38)   Compressing objects:   5% (2/38)   Compressing objects:   7% (3/38)   Compressing objects:  10% (4/38)   Compressing objects:  13% (5/38)   Compressing objects:  15% (6/38)   Compressing objects:  18% (7/38)   Compressing objects:  21% (8/38)   Compressing objects:  23% (9/38)   Compressing objects:  26% (10/38)   Compressing objects:  28% (11/38)   Compressing objects:  31% (12/38)   Compressing objects:  34% (13/38)   Compressing objects:  36% (14/38)   Compressing objects:  39% (15/38)   Compressing objects:  42% (16/38)   Compressing objects:  44% (17/38)   Compressing objects:  47% (18/38)   Compressing objects:  50% (19/38)   Compressing objects:  52% (20/38)   Compressing objects:  55% (21/38)   Compressing objects:  57% (22/38)   Compressing objects:  60% (23/38)   Compressing objects:  63% (24/38)   Compressing objects:  65% (25/38)   Compressing objects:  68% (26/38)   Compressing objects:  71% (27/38)   Compressing objects:  73% (28/38)   Compressing objects:  76% (29/38)   Compressing objects:  78% (30/38)   Compressing objects:  81% (31/38)   Compressing objects:  84% (32/38)   Compressing objects:  86% (33/38)   Compressing objects:  89% (34/38)   Compressing objects:  92% (35/38)   Compressing objects:  94% (36/38)   Compressing objects:  97% (37/38)   Compressing objects: 100% (38/38)   Compressing objects: 100% (38/38), done.
Writing objects:   2% (1/38)   Writing objects:   5% (2/38)   Writing objects:   7% (3/38)   Writing objects:  10% (4/38)   Writing objects:  13% (5/38)   Writing objects:  15% (6/38)   Writing objects:  18% (7/38)   Writing objects:  21% (8/38)   Writing objects:  23% (9/38)   Writing objects:  26% (10/38)   Writing objects:  28% (11/38)   Writing objects:  31% (12/38)   Writing objects:  34% (13/38)   Writing objects:  36% (14/38)   Writing objects:  39% (15/38)   Writing objects:  42% (16/38)   Writing objects:  44% (17/38)   Writing objects:  47% (18/38)   Writing objects:  50% (19/38)   Writing objects:  52% (20/38)   Writing objects:  55% (21/38)   Writing objects:  57% (22/38)   Writing objects:  60% (23/38)   Writing objects:  63% (24/38)   Writing objects:  65% (25/38)   Writing objects:  68% (26/38)   Writing objects:  71% (27/38)   Writing objects:  73% (28/38)   Writing objects:  76% (29/38)   Writing objects:  78% (30/38)   Writing objects:  81% (31/38)   Writing objects:  84% (32/38)   Writing objects:  86% (33/38)   Writing objects:  89% (34/38)   Writing objects:  92% (35/38)   Writing objects:  94% (36/38)   Writing objects:  97% (37/38)   Writing objects: 100% (38/38)   Writing objects: 100% (38/38), 5.96 KiB | 0 bytes/s, done.
Total 38 (delta 15), reused 0 (delta 0)
remote: Resolving deltas:   0% (0/15)   [Kremote: Resolving deltas:   6% (1/15)   [Kremote: Resolving deltas:  20% (3/15)   [Kremote: Resolving deltas:  46% (7/15)   [Kremote: Resolving deltas:  73% (11/15)   [Kremote: Resolving deltas:  86% (13/15)   [Kremote: Resolving deltas: 100% (15/15)   [Kremote: Resolving deltas: 100% (15/15), completed with 4 local objects.[K
To https://github.com/gunplun/cs181-practicals.git
   3f1919c..8aa8d58  master -> master
]0;~/cs181/cs181-practicals/P2/P21234-3:P2 MeLlamoJohn$ ls
P2.Rproj	p2.R		predictions.csv
]0;~/cs181/cs181-practicals/P2/P21234-3:P2 MeLlamoJohn$ code =[K[K[K[K[K[Kgit push[K[K[K[Kad[K[Kcomm[K[K[K[K-am commit -m "all code in github now"
Unknown option: -am
usage: git [--version] [--help] [-C <path>] [-c name=value]
           [--exec-path[=<path>]] [--html-path] [--man-path] [--info-path]
           [-p | --paginate | --no-pager] [--no-replace-objects] [--bare]
           [--git-dir=<path>] [--work-tree=<path>] [--namespace=<name>]
           <command> [<args>]
]0;~/cs181/cs181-practicals/P2/P21234-3:P2 MeLlamoJohn$ git puh[K[K[K[K[K[Kit -am commit -m "all code in github now"[1P[1P[1P[1P[C[C[C[C[C[C[C[C[1@a